// Jest Snapshot v1, https://goo.gl/fbAQLP

exports[`Avatar characters list Renders a list of avatar characters 1`] = `
<ul>
  <li>
    <a
      href="/5cf5679a915ecad153ab68d1"
    >
      <div
        aria-label="character"
      >
        <figure>
          <figcaption>
            <p>
              Analay
            </p>
          </figcaption>
          <img
            alt="Analay"
            src="https://vignette.wikia.nocookie.net/avatar/images/c/c3/Analay.png/revision/latest?cb=20140430182201"
          />
        </figure>
      </div>
    </a>
  </li>
  <li>
    <a
      href="/5cf5679a915ecad153ab68d5"
    >
      <div
        aria-label="character"
      >
        <figure>
          <figcaption>
            <p>
              Arik
            </p>
          </figcaption>
          <img
            alt="Arik"
            src="https://vignette.wikia.nocookie.net/avatar/images/6/6f/Arik.png/revision/latest?cb=20140808184002"
          />
        </figure>
      </div>
    </a>
  </li>
  <li>
    <a
      href="/5cf5679a915ecad153ab68e2"
    >
      <div
        aria-label="character"
      >
        <figure>
          <figcaption>
            <p>
              Baatar Jr.
            </p>
          </figcaption>
          <img
            alt="Baatar Jr."
            src="https://vignette.wikia.nocookie.net/avatar/images/4/45/Baatar_Jr..png/revision/latest?cb=20150409193510"
          />
        </figure>
      </div>
    </a>
  </li>
  <li>
    <a
      href="/5cf5679a915ecad153ab68e9"
    >
      <div
        aria-label="character"
      >
        <figure>
          <figcaption>
            <p>
              Bolin
            </p>
          </figcaption>
          <img
            alt="Bolin"
            src="https://vignette.wikia.nocookie.net/avatar/images/d/d4/Bolin.png/revision/latest?cb=20150406232314"
          />
        </figure>
      </div>
    </a>
  </li>
  <li>
    <a
      href="/5cf5679a915ecad153ab68fd"
    >
      <div
        aria-label="character"
      >
        <figure>
          <figcaption>
            <p>
              Chan (Fire Nation admiral)
            </p>
          </figcaption>
          <img
            alt="Chan (Fire Nation admiral)"
          />
        </figure>
      </div>
    </a>
  </li>
  <li>
    <a
      href="/5cf5679a915ecad153ab6900"
    >
      <div
        aria-label="character"
      >
        <figure>
          <figcaption>
            <p>
              Chit Sang
            </p>
          </figcaption>
          <img
            alt="Chit Sang"
            src="https://vignette.wikia.nocookie.net/avatar/images/8/81/Chit_Sang.png/revision/latest?cb=20121021000707"
          />
        </figure>
      </div>
    </a>
  </li>
  <li>
    <a
      href="/5cf5679a915ecad153ab68d7"
    >
      <div
        aria-label="character"
      >
        <figure>
          <figcaption>
            <p>
              Asami Sato
            </p>
          </figcaption>
          <img
            alt="Asami Sato"
            src="https://vignette.wikia.nocookie.net/avatar/images/b/b6/Asami_Sato.png/revision/latest?cb=20150407110150"
          />
        </figure>
      </div>
    </a>
  </li>
  <li>
    <a
      href="/5cf5679a915ecad153ab68f0"
    >
      <div
        aria-label="character"
      >
        <figure>
          <figcaption>
            <p>
              Bum-Ju
            </p>
          </figcaption>
          <img
            alt="Bum-Ju"
            src="https://vignette.wikia.nocookie.net/avatar/images/b/b6/Bum-Ju.png/revision/latest?cb=20140730103156"
          />
        </figure>
      </div>
    </a>
  </li>
  <li>
    <a
      href="/5cf5679a915ecad153ab68f5"
    >
      <div
        aria-label="character"
      >
        <figure>
          <figcaption>
            <p>
              Butler
            </p>
          </figcaption>
          <img
            alt="Butler"
            src="https://vignette.wikia.nocookie.net/avatar/images/8/82/Butler.png/revision/latest?cb=20121107115044"
          />
        </figure>
      </div>
    </a>
  </li>
  <li>
    <a
      href="/5cf5679a915ecad153ab68ed"
    >
      <div
        aria-label="character"
      >
        <figure>
          <figcaption>
            <p>
              Broadsword man
            </p>
          </figcaption>
          <img
            alt="Broadsword man"
            src="https://vignette.wikia.nocookie.net/avatar/images/9/98/Broadsword_man.png/revision/latest?cb=20130630171553"
          />
        </figure>
      </div>
    </a>
  </li>
</ul>
`;
