// Jest Snapshot v1, https://goo.gl/fbAQLP

exports[`Character component renders a character on the home page 1`] = `
<DocumentFragment>
  <figure>
    <img
      alt="Analay"
      src="https://vignette.wikia.nocookie.net/avatar/images/c/c3/Analay.png/revision/latest?cb=20140430182201"
    />
    <figcaption>
      <p>
        Analay
      </p>
      <p>
        Unnamed team
      </p>
      <p />
    </figcaption>
  </figure>
</DocumentFragment>
`;
