// Jest Snapshot v1, https://goo.gl/fbAQLP

exports[`Character Detail Component Renders a character in detail 1`] = `
<DocumentFragment>
  <figure>
    <img
      alt="Analy"
      src="https://vignette.wikia.nocookie.net/avatar/images/c/c3/Analay.png/revision/latest?cb=20140430182201"
    />
    <figcaption>
      <p>
        Name: Analy
      </p>
      <p>
        Affiliation: Unnamed team
      </p>
      <p>
        Allies: 
      </p>
      <p>
        Enemies: 
      </p>
    </figcaption>
  </figure>
</DocumentFragment>
`;
